2026-09-25 18:19:02,978 DEBUG asyncio Using proactor: IocpProactor
INFO:     Started server process [27016]
INFO:     Uvicorn running on http://127.0.0.1:8000 (Press CTRL+C to quit)
2026-09-25 18:19:25,205 INFO fateen.db.connection DB pool created: min=1 max=5 acquire_timeout=30.0
2026-09-25 18:19:31,163 INFO fateen request_id=9bc5c55b method=GET path=/health status=200 duration=6.049s
2026-09-25 18:19:34,038 INFO fateen request_id=d4867cb1 method=GET path=/health status=200 duration=2.255s
2026-09-25 18:19:35,941 INFO fateen request_id=15a24045 method=GET path=/api/v1/products/search status=200 duration=1.663s
2026-09-25 18:20:23,760 INFO fateen request_id=209b9d92 method=POST path=/api/v1/products/barcode/1234567890123/alternatives status=401 duration=0.005s
2026-09-25 18:45:38,912 WARNING psycopg.pool discarding closed connection: <psycopg.Connection [BAD] at 0x141d14e0ec0>
2026-09-25 18:45:38,912 ERROR fateen Health check failed: database unavailable
2026-09-25 18:45:38,914 INFO fateen request_id=cdd0004d method=GET path=/health status=503 duration=0.519s
2026-09-25 18:48:00,660 INFO fateen request_id=60b00da6 method=OPTIONS path=/api/v1/products/search status=200 duration=0.001s
2026-09-25 18:48:00,671 INFO fateen request_id=25445666 method=GET path=/api/v1/products/search status=200 duration=0.004s
2026-09-25 18:48:03,136 INFO fateen request_id=1e4a0c5a method=OPTIONS path=/api/v1/products/search status=200 duration=0.000s
2026-09-25 18:48:08,434 INFO fateen request_id=3f259ad9 method=GET path=/api/v1/products/search status=200 duration=5.291s
2026-09-25 18:48:24,357 INFO fateen request_id=8692888c method=OPTIONS path=/api/v1/products/search status=200 duration=0.000s
2026-09-25 18:48:25,222 INFO fateen request_id=302d402d method=OPTIONS path=/api/v1/products/search status=200 duration=0.000s
2026-09-25 18:48:28,454 INFO fateen request_id=69e8ab0b method=GET path=/api/v1/products/search status=200 duration=4.093s
2026-09-25 18:48:31,483 INFO fateen request_id=cf837dc4 method=OPTIONS path=/api/v1/products/search status=200 duration=0.001s
2026-09-25 18:48:31,495 INFO fateen request_id=8d6862ae method=GET path=/api/v1/products/search status=200 duration=0.003s
2026-09-25 18:48:33,704 INFO fateen request_id=7346c53a method=OPTIONS path=/api/v1/products/search status=200 duration=0.000s
2026-09-25 18:48:33,718 INFO fateen request_id=74a49296 method=GET path=/api/v1/products/search status=200 duration=0.003s
2026-09-25 18:48:33,918 INFO fateen request_id=da1ca1d4 method=GET path=/api/v1/products/search status=200 duration=8.691s
2026-09-25 18:48:35,318 INFO fateen request_id=886418fc method=OPTIONS path=/api/v1/products/search status=200 duration=0.000s
2026-09-25 18:48:44,800 INFO fateen request_id=a6b46886 method=GET path=/api/v1/products/search status=200 duration=9.474s
2026-09-25 18:48:53,862 INFO fateen request_id=42f65671 method=OPTIONS path=/api/v1/products/barcode/6281004704024/compatibility status=200 duration=0.000s
2026-09-25 18:48:53,867 INFO fateen request_id=366e1d88 method=OPTIONS path=/api/v1/products/barcode/6281004704024/compatibility status=200 duration=0.000s
2026-09-25 18:48:53,869 INFO fateen request_id=6c993c40 method=OPTIONS path=/api/v1/products/barcode/6281004704024/compatibility status=200 duration=0.000s
2026-09-25 18:48:53,881 INFO fateen request_id=aa1c209d method=OPTIONS path=/api/v1/products/barcode/6281004704024/compatibility status=200 duration=0.006s
2026-09-25 18:48:53,888 WARNING fateen.core.auth Firebase auth not configured (set FIREBASE_PROJECT_ID for Application Default Credentials, or GOOGLE_APPLICATION_CREDENTIALS for an explicit service-account key). Requests fail closed.
2026-09-25 18:48:53,893 INFO fateen request_id=1f85d9fc method=POST path=/api/v1/products/barcode/6281004704024/compatibility status=401 duration=0.018s
2026-09-25 18:48:53,899 WARNING fateen.core.auth Firebase auth not configured (set FIREBASE_PROJECT_ID for Application Default Credentials, or GOOGLE_APPLICATION_CREDENTIALS for an explicit service-account key). Requests fail closed.
2026-09-25 18:48:53,900 WARNING fateen.core.auth Firebase auth not configured (set FIREBASE_PROJECT_ID for Application Default Credentials, or GOOGLE_APPLICATION_CREDENTIALS for an explicit service-account key). Requests fail closed.
2026-09-25 18:48:53,905 WARNING fateen.core.auth Firebase auth not configured (set FIREBASE_PROJECT_ID for Application Default Credentials, or GOOGLE_APPLICATION_CREDENTIALS for an explicit service-account key). Requests fail closed.
2026-09-25 18:48:53,906 INFO fateen request_id=9b9c2631 method=POST path=/api/v1/products/barcode/6281004704024/compatibility status=401 duration=0.017s
2026-09-25 18:48:53,909 INFO fateen request_id=79affb76 method=POST path=/api/v1/products/barcode/6281004704024/compatibility status=401 duration=0.018s
2026-09-25 18:48:53,919 INFO fateen request_id=7011720b method=POST path=/api/v1/products/barcode/6281004704024/compatibility status=401 duration=0.026s
2026-09-25 18:48:53,938 WARNING fateen.core.auth Firebase auth not configured (set FIREBASE_PROJECT_ID for Application Default Credentials, or GOOGLE_APPLICATION_CREDENTIALS for an explicit service-account key). Requests fail closed.
2026-09-25 18:48:53,939 INFO fateen request_id=5ea5bde6 method=POST path=/api/v1/products/barcode/6281004704024/compatibility status=401 duration=0.004s
2026-09-25 18:48:55,320 WARNING fateen.core.auth Firebase auth not configured (set FIREBASE_PROJECT_ID for Application Default Credentials, or GOOGLE_APPLICATION_CREDENTIALS for an explicit service-account key). Requests fail closed.
2026-09-25 18:48:55,322 INFO fateen request_id=2d527fb4 method=POST path=/api/v1/products/barcode/6281004704024/compatibility status=401 duration=0.003s
2026-09-25 18:48:57,244 WARNING psycopg.pool error connecting in 'pool-1': connection timeout expired
Multiple connection attempts failed. All failures were:
- host: 'aws-0-ap-northeast-1.pooler.supabase.com', port: '5432', hostaddr: '54.64.190.72': connection timeout expired
- host: 'aws-0-ap-northeast-1.pooler.supabase.com', port: '5432', hostaddr: '35.79.125.133': connection timeout expired
- host: 'aws-0-ap-northeast-1.pooler.supabase.com', port: '5432', hostaddr: '52.68.3.1': connection timeout expired
2026-09-25 18:48:57,911 WARNING fateen.core.auth Firebase auth not configured (set FIREBASE_PROJECT_ID for Application Default Credentials, or GOOGLE_APPLICATION_CREDENTIALS for an explicit service-account key). Requests fail closed.
2026-09-25 18:48:57,912 INFO fateen request_id=1a9efbf1 method=POST path=/api/v1/products/barcode/6281004704024/compatibility status=401 duration=0.004s
2026-09-25 19:01:28,019 INFO fateen request_id=c4dc762e method=GET path=/health status=200 duration=2.284s
2026-09-25 19:08:07,586 INFO fateen request_id=14f4351c method=OPTIONS path=/api/v1/products/search status=200 duration=0.000s
2026-09-25 19:08:15,136 INFO fateen request_id=6d538a72 method=GET path=/api/v1/products/search status=200 duration=7.542s
2026-09-25 19:10:39,700 INFO fateen request_id=0f903e4d method=GET path=/api/v1/products/search status=200 duration=4.530s
2026-09-25 19:11:09,673 INFO fateen request_id=816797dd method=GET path=/api/v1/products/search status=200 duration=2.813s
2026-09-25 19:13:15,674 INFO fateen request_id=c1f5f1c1 method=GET path=/api/v1/products/search status=200 duration=8.679s
2026-09-25 19:25:05,620 INFO fateen request_id=583b5b07 method=GET path=/health status=200 duration=1.265s
2026-09-25 19:25:07,612 INFO fateen request_id=df0cbd38 method=GET path=/api/v1/products/search status=200 duration=1.589s
2026-09-25 19:26:01,051 INFO fateen request_id=6a8f6d46 method=GET path=/api/v1/products/search status=200 duration=3.737s
2026-09-25 19:26:03,670 INFO fateen request_id=753e9aab method=GET path=/api/v1/products/search status=200 duration=2.439s
2026-09-25 19:26:05,724 INFO fateen request_id=56dd2207 method=GET path=/api/v1/products/search status=200 duration=2.042s
2026-09-25 19:26:07,861 INFO fateen request_id=408d6856 method=GET path=/api/v1/products/search status=200 duration=2.104s
2026-09-25 19:26:10,056 INFO fateen request_id=334bc538 method=GET path=/api/v1/products/search status=200 duration=2.157s
2026-09-25 19:26:12,874 INFO fateen request_id=25dca6ae method=GET path=/api/v1/products/search status=200 duration=2.802s
2026-09-25 19:26:16,179 INFO fateen request_id=8a0d6975 method=GET path=/api/v1/products/search status=200 duration=3.287s
2026-09-25 19:26:19,029 INFO fateen request_id=bdec3a12 method=GET path=/api/v1/products/search status=200 duration=2.808s
2026-09-25 19:26:23,094 INFO fateen request_id=b4f26506 method=GET path=/api/v1/products/search status=200 duration=4.030s
